39
59
102
136
287
327
362
489
670
850
1023
1155
1453
1574
1593
1652
1725
2051
2393
2614
2637
2675
2979
3147
3149
3265
3337
3460
3733
3822
3840
3876
3982
4402
4752
4906
5175
5219
5373
5462
5904
6228
10784
10836
10904
11004
11029
11096
11246
11342
11419
11502
11532
11659
11714
11738
11898
