826
910
1326
3765
4043
5121
5593
5792
11166
11570
11680
