47
325
395
626
734
742
754
887
918
940
999
1000
1245
1268
1311
1487
1524
1775
1806
1905
2031
2070
2092
2101
2164
2166
2227
2257
2272
2286
2323
2400
2538
2695
2851
2866
2890
3024
3035
3112
3213
3345
3597
3629
3693
3814
3830
4058
4145
4338
4446
4464
4764
4768
4790
4817
4883
4937
5012
5099
5178
5180
5308
5400
5905
5934
6215
6256
6258
6403
8758
8806
8877
10953
10999
11525
11882
