14
18
24
44
135
368
460
597
698
749
907
915
1058
1088
1127
1193
1195
1509
1623
1676
1679
1874
1959
1980
1988
1992
2044
2084
2126
2156
2157
2204
2205
2230
2266
2341
2360
2454
2586
2687
2702
2754
2795
2808
2849
2919
2938
3097
3170
3227
3280
3296
3524
3529
3534
3563
3654
3685
3795
3916
3941
4066
4081
4115
4340
4406
4427
4479
4581
4596
4673
4696
4729
4950
5287
5487
5504
5532
5563
6231
6237
6265
6287
6367
8751
8828
8887
10839
11003
11005
11029
11043
11048
11079
11111
11212
11336
11389
11458
11640
11740
11811
11861
