2
38
151
171
443
529
598
623
632
1275
1441
1503
1523
1568
1679
1808
1857
1936
1980
2092
2102
2923
3015
3040
3119
3202
3320
3325
3482
3499
3686
3711
3727
3877
3931
4058
4104
4195
4212
4214
4244
4261
4449
4479
4647
4741
4747
4844
4950
5031
5085
5398
5426
5504
5514
5599
6022
6222
6289
8751
8883
11406
11521
11606
