47
231
408
468
520
638
821
825
1077
1153
1234
1346
1865
1976
2002
2142
2170
2219
2235
2303
2418
2635
2666
2679
2835
2866
2890
2918
3069
3100
3114
3209
3223
3225
3318
3343
3427
3531
3560
3609
3682
3911
3931
4182
4194
4286
4460
4481
4648
4720
5575
5598
5727
5868
5936
6256
6295
10781
10883
10993
11185
11221
11360
11541
11606
11744
