18
19
25
28
38
40
60
184
190
382
388
400
426
436
443
465
502
525
582
641
718
823
874
885
1046
1152
1189
1261
1309
1390
1400
1413
1433
1459
1463
1492
1563
1653
1654
1667
1701
1787
1801
1818
1823
1879
1900
2012
2171
2178
2242
2361
2389
2472
2519
2521
2645
2652
2656
2657
2669
2692
2812
2948
2966
2968
2971
3012
3167
3199
3239
3264
3307
3583
3614
3762
3814
3835
3882
3932
3941
3969
4043
4120
4168
4176
4263
4305
4504
4551
4557
4589
4663
4704
4748
4862
4889
4890
4912
4920
4947
5043
5047
5067
5152
5188
5253
5304
5335
5367
5382
5411
5450
5473
5543
5724
5826
5835
5852
5944
6034
6191
6231
6295
6347
8764
8893
10854
10891
10905
10907
10991
11008
11017
11083
11159
11183
11251
11313
11342
11357
11364
11429
11484
11497
11596
11701
11710
11810
11860
11863
11883
11949
