25
38
422
436
1152
1390
1400
1463
1701
2012
2178
2645
2656
2669
3167
3199
3239
3882
4043
4557
4748
4912
5047
5253
5826
5835
6231
6295
10854
11701
