902
954
1013
1150
1246
1601
2966
3163
3838
4111
4730
5433
5545
11098
