728
886
1274
1425
1571
1610
1692
1706
1929
1947
1954
2129
2133
2273
2520
2536
2602
2630
2670
2710
3165
3168
3314
3663
3799
4067
4326
4755
4816
5209
5562
5563
5792
10802
11056
11126
11695
11701
11906
