672
1090
1546
1646
1739
1828
2151
2332
2412
3051
3588
4231
4410
5012
5121
