212
255
507
576
581
881
912
960
965
976
1666
1799
1807
1983
1994
2052
2058
2332
2352
2406
3225
3333
3383
3557
3615
3689
3724
3792
3977
4085
4168
4243
4267
4366
4377
4439
4465
4705
4861
5037
5189
5192
5590
5601
6087
11551
11624
11745
