9
520
544
793
811
837
854
978
1112
1353
1386
1407
1625
1639
1778
2062
2125
2201
2212
2587
2655
2665
3003
3270
3318
3388
3391
3722
3726
3796
3891
3921
4228
4602
4922
5000
5208
5381
5598
10788
10962
11007
11050
11096
11218
11713
11934
