25
742
759
764
895
1067
1578
1597
1692
1962
1971
2079
2129
2243
2274
2349
2450
2496
2657
2667
3055
3224
3244
3256
3526
3557
3775
3778
3796
4448
4491
4523
4581
4637
4893
4990
5273
5380
5449
5775
5814
6066
11175
11461
11524
11646
11911
11979
